C:\Users\pc\Downloads\controlingresos\src\main\java\com\example\controlingresos\controller\ControlIngresoController.java
C:\Users\pc\Downloads\controlingresos\src\main\java\com\example\controlingresos\controller\LoginController.java
C:\Users\pc\Downloads\controlingresos\src\main\java\com\example\controlingresos\repository\TrabajadorRepository.java
C:\Users\pc\Downloads\controlingresos\src\main\java\com\example\controlingresos\repository\UsuarioRepository.java
C:\Users\pc\Downloads\controlingresos\src\main\java\com\example\controlingresos\controller\MenuPrincipalController.java
C:\Users\pc\Downloads\controlingresos\src\main\java\com\example\controlingresos\repository\RegistroAccesoRepository.java
C:\Users\pc\Downloads\controlingresos\src\main\java\com\example\controlingresos\model\Trabajador.java
C:\Users\pc\Downloads\controlingresos\src\main\java\com\example\controlingresos\service\TrabajadorService.java
C:\Users\pc\Downloads\controlingresos\src\main\java\com\example\controlingresos\model\RegistroAcceso.java
C:\Users\pc\Downloads\controlingresos\src\main\java\com\example\controlingresos\service\UsuarioService.java
C:\Users\pc\Downloads\controlingresos\src\main\java\com\example\controlingresos\JavaFxLauncher.java
C:\Users\pc\Downloads\controlingresos\src\main\java\com\example\controlingresos\controller\GestionTrabajadoresController.java
C:\Users\pc\Downloads\controlingresos\src\main\java\com\example\controlingresos\service\RegistroAccesoService.java
C:\Users\pc\Downloads\controlingresos\src\main\java\com\example\controlingresos\ControlIngresosApplication.java
C:\Users\pc\Downloads\controlingresos\src\main\java\com\example\controlingresos\model\Usuario.java
